// Jest Snapshot v1, https://goo.gl/fbAQLP

exports[`Alert matches snapshot 1`] = `
<div
  className="alert alert-danger"
  role="alert"
>
  Bonjour
</div>
`;
