// Jest Snapshot v1, https://goo.gl/fbAQLP

exports[`Loader matches snapshot 1`] = `
<div
  className="lds-ring"
>
  <div />
  <div />
  <div />
  <div />
</div>
`;
