// Jest Snapshot v1, https://goo.gl/fbAQLP

exports[`Masthead2 matches snapshot 1`] = `
<header
  id="masthead-2"
  style={
    Object {
      "backgroundImage": "url(https://images.pexels.com/photos/461198/pexels-photo-461198.jpeg?auto=compress&cs=tinysrgb&dpr=3&h=750&w=1260)",
    }
  }
>
  <div
    className="container h-100"
  >
    <div
      className="row h-100 align-items-center justify-content-center text-center"
    >
      <div
        className="col-lg-10 align-self-end mt-10"
        style={
          Object {
            "top": "-50%",
          }
        }
      >
        <h1
          className="text-uppercase text-white font-weight-bold"
        >
          Nutella
        </h1>
      </div>
    </div>
  </div>
</header>
`;
