// Jest Snapshot v1, https://goo.gl/fbAQLP

exports[`Masthead matches snapshot 1`] = `
<header
  className="masthead"
>
  <div
    className="container h-100"
  >
    <div
      className="row h-100 align-items-center justify-content-center text-center"
    >
      <div
        className="col-lg-10 align-self-end"
      >
        <h1
          className="text-uppercase text-white font-weight-bold"
        >
          Du gras, oui, mais de qualit√© !
        </h1>
        <hr
          className="divider my-4"
        />
      </div>
      <div
        className="col-lg-8 align-self-baseline"
      >
        <p
          className="text-white-75 font-weight-light mb-5"
        >
          Trouvez un produit de substitution pour ceux que vous consommez tous les jours.
        </p>
        <div
          className="input-group mb-3"
        >
          <input
            aria-describedby="button-addon2"
            aria-label="produit"
            className="form-control"
            onChange={[Function]}
            placeholder="Produit"
            type="text"
          />
          <div
            className="input-group-append"
          >
            <a
              className="btn btn-outline-secondary"
              href="search/"
              id="button-addon2"
              role="button"
              type="button"
            >
              Chercher
            </a>
          </div>
        </div>
      </div>
    </div>
  </div>
</header>
`;
